// Jest Snapshot v1, https://goo.gl/fbAQLP

exports[`Testing Actions Should return Action snapshot 1`] = `
Promise {
  "_U": 0,
  "_V": 0,
  "_W": null,
  "_X": null,
}
`;
